== STEPS 7-9: SERVED VERIFICATION, 2026-07-30T05:17:47Z ==

-- step 7: /canary/ build, hash, bytes, headers --
   sha256: 0958b4e456789bde830517a5fe034941c6b9c6992a310dad87e524b9f9aeb418
   bytes:  1189661
   build:  APP_BUILD="2026-07-30.349-pb-c10"
   HTTP/2 200 
   content-type: text/html; charset=utf-8
   last-modified: Thu, 30 Jul 2026 05:15:55 GMT
   etag: "6a6ade0b-12271d"
   cache-control: max-age=600

-- step 8: root must remain EXACTLY .347 --
   sha256: bb41dab4d851c73036714ba2299ad3f5cc6c1f54e10c432a4b74bf996e2a568a
   bytes:  931512
   build:  APP_BUILD="2026-07-28.347-pb"
   ROOT UNCHANGED — exact .347

-- step 9: no service worker, no Cache API in the served canary --
   serviceWorker.register occurrences: 0
   caches.open occurrences:            0

-- the approved three hunks are present in the SERVED bytes --
   gate renders the confirm overlay: 1
   claim confirmation (FIX-003b):    1
